MPLINK 5.09, LINKER
Linker Map File - Created Thu Jun 18 17:32:31 2020

                                 Section Info
                  Section       Type    Address   Location Size(Bytes)
                ---------  ---------  ---------  ---------  ---------
                   .org_0       code   0x000000    program   0x000002
                   .cinit    romdata   0x000002    program   0x000002
                   .org_1       code   0x000008    program   0x000002
                   .org_2       code   0x000018    program   0x00004e
.config_300000_BUILD/DEFAULT/PRODUCTION/MAIN.O    romdata   0x300000    program   0x000001
.config_300001_BUILD/DEFAULT/PRODUCTION/MAIN.O    romdata   0x300001    program   0x000001
.config_300002_BUILD/DEFAULT/PRODUCTION/MAIN.O    romdata   0x300002    program   0x000001
.config_300003_BUILD/DEFAULT/PRODUCTION/MAIN.O    romdata   0x300003    program   0x000001
.config_300005_BUILD/DEFAULT/PRODUCTION/MAIN.O    romdata   0x300005    program   0x000001
.config_300006_BUILD/DEFAULT/PRODUCTION/MAIN.O    romdata   0x300006    program   0x000001
.config_300008_BUILD/DEFAULT/PRODUCTION/MAIN.O    romdata   0x300008    program   0x000001
.config_300009_BUILD/DEFAULT/PRODUCTION/MAIN.O    romdata   0x300009    program   0x000001
.config_30000A_BUILD/DEFAULT/PRODUCTION/MAIN.O    romdata   0x30000a    program   0x000001
.config_30000B_BUILD/DEFAULT/PRODUCTION/MAIN.O    romdata   0x30000b    program   0x000001
.config_30000C_BUILD/DEFAULT/PRODUCTION/MAIN.O    romdata   0x30000c    program   0x000001
.config_30000D_BUILD/DEFAULT/PRODUCTION/MAIN.O    romdata   0x30000d    program   0x000001



                              Program Memory Usage 
                               Start         End      
                           ---------   ---------      
                            0x000000    0x000003      
                            0x000008    0x000009      
                            0x000018    0x000065      
                            0x300000    0x300003      
                            0x300005    0x300006      
                            0x300008    0x30000d      
            96 out of 33048 program addresses used, program memory utilization is 0%



                              Symbols - Sorted by Name
                     Name    Address   Location    Storage File                     
                ---------  ---------  ---------  --------- ---------                
                      INI   0x00002c    program     static C:\Users\darks\Documents\Sistemas de comunicacion\PWM.X\main.asm
                   INICIO   0x00001a    program     static C:\Users\darks\Documents\Sistemas de comunicacion\PWM.X\main.asm
                 INT_HIGH   0x000046    program     static C:\Users\darks\Documents\Sistemas de comunicacion\PWM.X\main.asm
                  INT_LOW   0x000042    program     static C:\Users\darks\Documents\Sistemas de comunicacion\PWM.X\main.asm
                     LOOP   0x000040    program     static C:\Users\darks\Documents\Sistemas de comunicacion\PWM.X\main.asm



                              Symbols - Sorted by Address
                     Name    Address   Location    Storage File                     
                ---------  ---------  ---------  --------- ---------                
                   INICIO   0x00001a    program     static C:\Users\darks\Documents\Sistemas de comunicacion\PWM.X\main.asm
                      INI   0x00002c    program     static C:\Users\darks\Documents\Sistemas de comunicacion\PWM.X\main.asm
                     LOOP   0x000040    program     static C:\Users\darks\Documents\Sistemas de comunicacion\PWM.X\main.asm
                  INT_LOW   0x000042    program     static C:\Users\darks\Documents\Sistemas de comunicacion\PWM.X\main.asm
                 INT_HIGH   0x000046    program     static C:\Users\darks\Documents\Sistemas de comunicacion\PWM.X\main.asm


